VBCSCompilerPreWarmer: pre-warm launched (dotnet PID 26156)
VBCSCompiler prewarm took 3.70 ms
[Licensing::Module] Trying to connect to existing licensing client channel...
Built from '6000.6/respin/6000.6.0f1-fa21a270ab12' branch; Version is '6000.6.0f1 (f7f8ed4d1e24) revision 16251117'; Using compiler version '194234433'; Build Type 'Release'
OS: 'Windows 11  (10.0.22631) Professional' Language: 'ru' Physical Memory: 65220 MB
BatchMode: 1, IsHumanControllingUs: 0, StartBugReporterOnCrash: 0, Is64bit: 1
System  architecture: x64
Process architecture: x64
Date: 2026-09-09T05:34:17Z
[Licensing::IpcConnector] Successfully connected to: "LicenseClient-Admin" at "2026-09-09T05:34:17.774396Z"
[Licensing::Client] Code 10 while verifying Licensing Client signature (process Id: 28484, path: "C:/Program Files/Unity Hub/UnityLicensingClient_V1/Unity.Licensing.Client.exe")
[Licensing::Module] LicensingClient has failed validation; ignoring
[Licensing::Client] Handshaking with LicensingClient:
  Version:                 1.18.3+d7ffd15
  Session Id:              664159ea18334c67acbb94c71fac244f
  Correlation Id:          7c0e77837aa6db7564fab6296155af31
  External correlation Id: 1885482694611624299
  Machine Id:              Z7NjLQBPwaCyszOl4OjOwhF5g2I=
[Licensing::Module] Successfully connected to LicensingClient on channel: "LicenseClient-Admin" (connect: 0.00s, validation: 0.00s, handshake: 0.05s)
[Licensing::IpcConnector] Successfully connected to: "LicenseClient-Admin-notifications" at "2026-09-09T05:34:17.827808Z"
[Licensing::Module] Error: Access token is unavailable; failed to update
[Licensing::Client] Successfully resolved entitlement details
[Licensing::Module] License group:
  Id: 6872798578653-UnityPersXXXX
  Product: Unity Personal
  Type: Assigned
  Expiration: Unlimited
[Licensing::Client] Successfully updated license, isAsync: True, time: 0.00
[Licensing::Module] Licensing Background thread has ended after 0.06s

COMMAND LINE ARGUMENTS:
C:\Program Files\Unity\Hub\Editor\6000.6.0f1\Editor\Unity.exe
-batchmode
-nographics
-projectPath
D:\Pet\Resume\companies\Highcore\QA Engineer\ArenaQA\analysis\validation-6000.6.0f1
-runTests
-testPlatform
PlayMode
-testResults
D:\Pet\Resume\companies\Highcore\QA Engineer\ArenaQA\analysis\validation-6000.6.0f1\TestResults\20260909-073409-898\PlayMode.xml
-logFile
D:\Pet\Resume\companies\Highcore\QA Engineer\ArenaQA\analysis\validation-6000.6.0f1\TestResults\20260909-073409-898\PlayMode.log
-randomOrderSeed
20260909
Successfully changed project path to: D:\Pet\Resume\companies\Highcore\QA Engineer\ArenaQA\analysis\validation-6000.6.0f1
D:/Pet/Resume/companies/Highcore/QA Engineer/ArenaQA/analysis/validation-6000.6.0f1
[UnityMemory] Configuration Parameters - Can be set up in boot.config
    "memorysetup-temp-allocator-size-gi-baking-worker=262144"
    "memorysetup-temp-allocator-size-gi-baking-worker=262144"
    "memorysetup-temp-allocator-size-gi-baking-worker=262144"
    "memorysetup-temp-allocator-size-gi-baking-worker=262144"
    "memorysetup-temp-allocator-size-gi-baking-worker=262144"
    "memorysetup-temp-allocator-size-nav-mesh-worker=65536"
    "memorysetup-temp-allocator-size-audio-worker=65536"
    "memorysetup-temp-allocator-size-cloud-worker=32768"
    "memorysetup-temp-allocator-size-gfx=262144"
    "memorysetup-remapper-allocator-initial-capacity=32768"
    "memorysetup-temp-allocator-size-preload-manager=33554432"
    "memorysetup-allocator-temp-initial-block-size-main=262144"
    "memorysetup-allocator-temp-initial-block-size-worker=262144"
    "memorysetup-temp-allocator-size-job-worker=262144"
    "memorysetup-temp-allocator-size-background-worker=32768"
    "memorysetup-bucket-allocator-granularity=16"
    "memorysetup-bucket-allocator-bucket-count=8"
    "memorysetup-bucket-allocator-block-size=33554432"
    "memorysetup-bucket-allocator-block-count=8"
    "memorysetup-main-allocator-block-size=16777216"
    "memorysetup-thread-allocator-block-size=16777216"
    "memorysetup-main-allocator-mimalloc-enabled=1"
    "memorysetup-gfx-main-allocator-block-size=16777216"
    "memorysetup-gfx-thread-allocator-block-size=16777216"
    "memorysetup-cache-allocator-block-size=4194304"
    "memorysetup-typetree-allocator-block-size=2097152"
    "memorysetup-profiler-bucket-allocator-granularity=16"
    "memorysetup-profiler-bucket-allocator-bucket-count=8"
    "memorysetup-profiler-bucket-allocator-block-size=33554432"
    "memorysetup-profiler-bucket-allocator-block-count=8"
    "memorysetup-profiler-allocator-block-size=16777216"
    "memorysetup-profiler-editor-allocator-block-size=1048576"
    "memorysetup-temp-allocator-size-main=16777216"
    "memorysetup-job-temp-allocator-block-size=2097152"
    "memorysetup-job-temp-allocator-block-size-background=1048576"
    "memorysetup-job-temp-allocator-reduction-small-platforms=262144"
Logging is directed to a specific file, skipping project log.
Player connection [28120]  Target information:

Player connection [28120]  * "[IP] 10.5.50.173 [Port] 55504 [Flags] 2 [Guid] 3956959120 [EditorId] 3956959120 [Version] 1048832 [Id] WindowsEditor(7,DESKTOP-KDC2L46) [Debug] 1 [PackageName] WindowsEditor [ProjectName] Editor" 

Player connection [28120] Host joined multi-casting on [225.0.0.222:54997]...
Player connection [28120] Host joined alternative multi-casting on [225.0.0.222:34997]...
Input System module state changed to: Initialized.
[Physics::Module] Initialized fallback backend.
[Physics::Module] Id: 0xdecafbad
[Package Manager] Connected to IPC stream "Upm-20716" after 0.4 seconds.
[Licensing::Client] Successfully resolved entitlement details
Library Redirect Path: Library/
Launching Unity Data Store - C:/Program Files/Unity/Hub/Editor/6000.6.0f1/Editor/Data/Tools/Unity.DataStore.exe 
Unity Data Store artifact dir = Library/DataStore, working dir = D:/Pet/Resume/companies/Highcore/QA Engineer/ArenaQA/analysis/validation-6000.6.0f1[Physics::Module] Selected backend.
[Physics::Module] Name: PhysX
[Physics::Module] Id: 0xf2b8ea05
[Physics::Module] SDK Version: 4.1.2
[Physics::Module] Integration Version: 1.0.0
[Physics::Module] Threading Mode: Multi-Threaded
Unity Data Store running and initialised
Initialize engine version: 6000.6.0f1 (f7f8ed4d1e24)
[EntityIdStore] init: VM path (explicit commit), pageSize=4096, blockCount=1048576, entitiesPerBlock=256, slots reserved=4294967296 bytes
[Subsystems] Discovering subsystems at path C:/Program Files/Unity/Hub/Editor/6000.6.0f1/Editor/Data/Resources/UnitySubsystems
[Subsystems] Discovering subsystems at path D:/Pet/Resume/companies/Highcore/QA Engineer/ArenaQA/analysis/validation-6000.6.0f1/Assets
Forcing GfxDevice: Null
GfxDevice: creating device client; kGfxThreadingModeNonThreaded
NullGfxDevice:
    Version:  NULL 1.0 [1.0]
    Renderer: Null Device
    Vendor:   Unity Technologies
Initialize mono
Mono path[0] = 'C:/Program Files/Unity/Hub/Editor/6000.6.0f1/Editor/Data/Managed'
Mono path[1] = 'C:/Program Files/Unity/Hub/Editor/6000.6.0f1/Editor/Data/BCLExtensions/runtime/netstandard2.1'
Mono path[2] = 'C:/Program Files/Unity/Hub/Editor/6000.6.0f1/Editor/Data/MonoBleedingEdge/lib/mono/unityjit-win32'
Mono config path = 'C:/Program Files/Unity/Hub/Editor/6000.6.0f1/Editor/Data/MonoBleedingEdge/etc'
Using monoOptions --debugger-agent=transport=dt_socket,embedding=1,server=y,suspend=n,address=127.0.0.1:56716
CodeReloadManager initialized
ImportWorker Server TCP listen port: 0
AcceleratorClientConnectionCallback - disconnected - :0
Begin MonoManager ReloadAssembly
Registering precompiled unity dll's ...
Register platform support module: C:/Program Files/Unity/Hub/Editor/6000.6.0f1/Editor/Data/PlaybackEngines/WebGLSupport/UnityEditor.WebGL.Extensions.dll
Register platform support module: C:/Program Files/Unity/Hub/Editor/6000.6.0f1/Editor/Data/PlaybackEngines/WindowsStandaloneSupport/UnityEditor.WindowsStandalone.Extensions.dll
Registered in 0.002386 seconds.
Native extension for WindowsStandalone target not found
Native extension for WebGL target not found
Package Manager log level set to [2]
ScheduleIndexationOnStartup MainProcess:False IndexOnStartup:False
Scripting: successfully reloaded assembly
- Finished resetting the current domain, in  1.079 seconds
Domain Reload Profiling: 1863ms
	BeginReloadAssembly (225ms)
		CreateAndSetChildDomain (13ms)
	RebuildCommonClasses (7ms)
	RebuildNativeTypeToScriptingClass (25ms)
	initialDomainReloadingComplete (102ms)
	LoadAllAssembliesAndSetupDomain (424ms)
		LoadAssemblies (207ms)
		TypeCache.Refresh (282ms)
			TypeCache.ScanAssembly (265ms)
		AnalyzeDomain (1ms)
	FinalizeReload (1080ms)
		SetupLoadedEditorAssemblies (0ms)
			LogAssemblyErrors (3ms)
			InitializePlatformSupportModulesInManaged (4ms)
			BeforeProcessingInitializeOnLoad (177ms)
			ProcessInitializeOnLoadAttributes (227ms)
			ProcessInitializeOnLoadMethodAttributes (335ms)
[Licensing::Client] Successfully resolved entitlement details
Application.AssetDatabase Initial Refresh Start
[Package Manager] Restoring resolved packages state from cache
[Licensing::Client] Successfully resolved entitlement details
[Package Manager] Registered 24 packages:
  Packages from [https://packages.unity.com]:
    com.unity.ide.rider@3.0.39 (location: D:\Pet\Resume\companies\Highcore\QA Engineer\ArenaQA\analysis\validation-6000.6.0f1\Library\PackageCache\com.unity.ide.rider@4504839d03f7)
    com.unity.ide.visualstudio@2.0.26 (location: D:\Pet\Resume\companies\Highcore\QA Engineer\ArenaQA\analysis\validation-6000.6.0f1\Library\PackageCache\com.unity.ide.visualstudio@a99d56dec63f)
  Built-in packages:
    com.unity.multiplayer.center@2.0.1 (location: D:\Pet\Resume\companies\Highcore\QA Engineer\ArenaQA\analysis\validation-6000.6.0f1\Library\PackageCache\com.unity.multiplayer.center@549886182930)
    com.unity.test-framework@1.8.0 (location: D:\Pet\Resume\companies\Highcore\QA Engineer\ArenaQA\analysis\validation-6000.6.0f1\Library\PackageCache\com.unity.test-framework@7a3849e09bd0)
    com.unity.ugui@2.6.0 (location: D:\Pet\Resume\companies\Highcore\QA Engineer\ArenaQA\analysis\validation-6000.6.0f1\Library\PackageCache\com.unity.ugui@23caec89ae27)
    com.unity.modules.accessibility@1.0.0 (location: D:\Pet\Resume\companies\Highcore\QA Engineer\ArenaQA\analysis\validation-6000.6.0f1\Library\PackageCache\com.unity.modules.accessibility)
    com.unity.modules.adaptiveperformance@1.0.0 (location: D:\Pet\Resume\companies\Highcore\QA Engineer\ArenaQA\analysis\validation-6000.6.0f1\Library\PackageCache\com.unity.modules.adaptiveperformance)
    com.unity.modules.animation@1.0.0 (location: D:\Pet\Resume\companies\Highcore\QA Engineer\ArenaQA\analysis\validation-6000.6.0f1\Library\PackageCache\com.unity.modules.animation)
    com.unity.modules.audio@1.0.0 (location: D:\Pet\Resume\companies\Highcore\QA Engineer\ArenaQA\analysis\validation-6000.6.0f1\Library\PackageCache\com.unity.modules.audio)
    com.unity.modules.imgui@1.0.0 (location: D:\Pet\Resume\companies\Highcore\QA Engineer\ArenaQA\analysis\validation-6000.6.0f1\Library\PackageCache\com.unity.modules.imgui)
    com.unity.modules.jsonserialize@1.0.0 (location: D:\Pet\Resume\companies\Highcore\QA Engineer\ArenaQA\analysis\validation-6000.6.0f1\Library\PackageCache\com.unity.modules.jsonserialize)
    com.unity.modules.physics@1.0.0 (location: D:\Pet\Resume\companies\Highcore\QA Engineer\ArenaQA\analysis\validation-6000.6.0f1\Library\PackageCache\com.unity.modules.physics)
    com.unity.modules.physics2d@1.0.0 (location: D:\Pet\Resume\companies\Highcore\QA Engineer\ArenaQA\analysis\validation-6000.6.0f1\Library\PackageCache\com.unity.modules.physics2d)
    com.unity.modules.physicscore2d@1.0.0 (location: D:\Pet\Resume\companies\Highcore\QA Engineer\ArenaQA\analysis\validation-6000.6.0f1\Library\PackageCache\com.unity.modules.physicscore2d)
    com.unity.modules.tetgen@1.0.0 (location: D:\Pet\Resume\companies\Highcore\QA Engineer\ArenaQA\analysis\validation-6000.6.0f1\Library\PackageCache\com.unity.modules.tetgen)
    com.unity.modules.timelinefoundation@1.0.0 (location: D:\Pet\Resume\companies\Highcore\QA Engineer\ArenaQA\analysis\validation-6000.6.0f1\Library\PackageCache\com.unity.modules.timelinefoundation)
    com.unity.modules.ui@1.0.0 (location: D:\Pet\Resume\companies\Highcore\QA Engineer\ArenaQA\analysis\validation-6000.6.0f1\Library\PackageCache\com.unity.modules.ui)
    com.unity.modules.uielements@1.0.0 (location: D:\Pet\Resume\companies\Highcore\QA Engineer\ArenaQA\analysis\validation-6000.6.0f1\Library\PackageCache\com.unity.modules.uielements)
    com.unity.modules.unitywebrequest@1.0.0 (location: D:\Pet\Resume\companies\Highcore\QA Engineer\ArenaQA\analysis\validation-6000.6.0f1\Library\PackageCache\com.unity.modules.unitywebrequest)
    com.unity.modules.vectorgraphics@1.0.0 (location: D:\Pet\Resume\companies\Highcore\QA Engineer\ArenaQA\analysis\validation-6000.6.0f1\Library\PackageCache\com.unity.modules.vectorgraphics)
    com.unity.modules.imageconversion@1.0.0 (location: D:\Pet\Resume\companies\Highcore\QA Engineer\ArenaQA\analysis\validation-6000.6.0f1\Library\PackageCache\com.unity.modules.imageconversion)
    com.unity.modules.hierarchycore@1.0.0 (location: D:\Pet\Resume\companies\Highcore\QA Engineer\ArenaQA\analysis\validation-6000.6.0f1\Library\PackageCache\com.unity.modules.hierarchycore)
    com.unity.modules.subsystems@1.0.0 (location: D:\Pet\Resume\companies\Highcore\QA Engineer\ArenaQA\analysis\validation-6000.6.0f1\Library\PackageCache\com.unity.modules.subsystems)
    com.unity.ext.nunit@2.1.0 (location: D:\Pet\Resume\companies\Highcore\QA Engineer\ArenaQA\analysis\validation-6000.6.0f1\Library\PackageCache\com.unity.ext.nunit@0198eae3b53e)
[Subsystems] No new subsystems found in resolved package list.
[Package Manager] Done registering packages in 0.01 seconds
Starting: C:\Program Files\Unity\Hub\Editor\6000.6.0f1\Editor\Data\Tools\BuildPipeline\bee_backend.exe --ipc --defer-dag-verification --dagfile="Library/Bee/1900b0aE.dag" --continue-on-failure --profile="Library/Bee/backend1.traceevents" ScriptAssemblies
WorkingDir: D:/Pet/Resume/companies/Highcore/QA Engineer/ArenaQA/analysis/validation-6000.6.0f1
DisplayProgressbar: Compiling Scripts
ExitCode: 0 Duration: 0s220ms
[282/325    0s] ILPP-Configuration Library/ilpp-configuration.nevergeneratedoutput
*** Tundra build success (0.18 seconds), 1 items updated, 325 evaluated
Total cache size 3647500
AssetDatabase: script compilation time: 0.786440s
Total cache size after purge 3647500, took 00:00:00.0324213
Begin MonoManager ReloadAssembly
Native extension for WindowsStandalone target not found
Native extension for WebGL target not found
ScheduleIndexationOnStartup MainProcess:True IndexOnStartup:False
Scripting: successfully reloaded assembly
- Finished resetting the current domain, in  0.840 seconds
Domain Reload Profiling: 1661ms
	BeginReloadAssembly (350ms)
		DisableScriptedObjects (29ms)
		CreateAndSetChildDomain (54ms)
	RebuildCommonClasses (15ms)
	RebuildNativeTypeToScriptingClass (22ms)
	initialDomainReloadingComplete (65ms)
	LoadAllAssembliesAndSetupDomain (367ms)
		LoadAssemblies (324ms)
		TypeCache.Refresh (37ms)
			TypeCache.ScanAssembly (29ms)
		AnalyzeDomain (22ms)
			BuildScriptInfoCaches (17ms)
			ResolveRequiredComponents (3ms)
	FinalizeReload (842ms)
		SetupLoadedEditorAssemblies (0ms)
			LogAssemblyErrors (3ms)
			InitializePlatformSupportModulesInManaged (4ms)
			BeforeProcessingInitializeOnLoad (184ms)
			ProcessInitializeOnLoadAttributes (205ms)
			ProcessInitializeOnLoadMethodAttributes (66ms)
			AfterProcessingInitializeOnLoad (9ms)
		AwakeInstancesAfterBackupRestoration (50ms)
Starting new worker id: 0 with log in D:/Pet/Resume/companies/Highcore/QA Engineer/ArenaQA/analysis/validation-6000.6.0f1/Logs/AssetImportWorkerHW0.log

Asset Pipeline Refresh (id=51aa9a26fc4be3f4eab550b733c06a2a): Total: 2.721 seconds - Initiated by InitialRefreshV2(ForceSynchronousImport)
	(Values over 0.05ms)
	Summary:
		Imports: total=0 (actual=0, local cache=0, cache server=0)
		Asset DB Process Time: managed=0 ms, native=1019 ms
		Asset DB Callback time: managed=29 ms, native=10 ms
		Scripting: domain reloads=1, domain reload time=854 ms, compile time=790 ms, other=16 ms
		Project Asset Count: scripts=256, non-scripts=170
		Asset File Changes: new=0, changed=0, moved=0, deleted=0
		Scan Filter Count: 0
	InvokePackagesCallback: 12.074ms
	ApplyChangesToAssetFolders: 0.496ms
	Scan: 63.358ms
	Collect global state as custom dependencies: 16.818ms
	CategorizeScriptCompilationAssets: 6.741ms
	ProcessAssetsWithTransientArtifactChanges: 13.015ms
	CategorizeAssets: 6.711ms
	CompileScripts: 789.639ms
	ImportOutOfDateAssets: 847.084ms (843.242ms without children)
		UnloadImportedAssets: 0.118ms
		EnsureUptoDateAssetsAreRegisteredWithGuidPM: 0.097ms
		ImportSchedulerStart: 3.622ms
	PostProcessAllAssets: 29.715ms
		MonoPostProcessAllAssets: 29.657ms
			WindowAssetPostprocessingWatcher.OnPostprocessAllAssets 12.697ms
			EditModeScopePostprocessor.OnPostprocessAllAssets 1.275ms
			SpeedTree9Postprocessor.OnPostprocessAllAssets 1.112ms
			ReferencedClipsPostProcessor.OnPostprocessAllAssets 0.407ms
			TerrainToolbarOverlayPostProcessor.OnPostprocessAllAssets 0.325ms
			AssetDatabaseCallbacks.OnPostprocessAllAssets 0.246ms
			SyncVS.PostprocessSyncProject 0.148ms
			RenderPipelineGlobalSettingsPostprocessor.OnPostprocessAllAssets 0.119ms
	UnloadStreamsBegin: 1.880ms
	GenerateScriptTypeHashes: 2.462ms
	GenerateScriptTypeSerializationHashes: 4.558ms
	Untracked: 930.500ms

Application.AssetDatabase Initial Refresh End
Scanning for USB devices : 3.192ms
Initializing Unity extensions:
[MODES] ModeService[none].Initialize
[MODES] ModeService[none].LoadModes
[MODES] Loading mode Default (0) for mode-current-id-ArenaQA
GetVirtualKey: Could not map char: z (122) to any virtual key
GetVirtualKey: Could not map char: y (121) to any virtual key
GetVirtualKey: Could not map char: [ (91) to any virtual key
GetVirtualKey: Could not map char: ] (93) to any virtual key
GetVirtualKey: Could not map char: x (120) to any virtual key
GetVirtualKey: Could not map char: c (99) to any virtual key
GetVirtualKey: Could not map char: v (118) to any virtual key
GetVirtualKey: Could not map char: V (86) to any virtual key
GetVirtualKey: Could not map char: d (100) to any virtual key
GetVirtualKey: Could not map char: f (102) to any virtual key
GetVirtualKey: Could not map char: f (102) to any virtual key
GetVirtualKey: Could not map char: a (97) to any virtual key
GetVirtualKey: Could not map char: d (100) to any virtual key
GetVirtualKey: Could not map char: c (99) to any virtual key
GetVirtualKey: Could not map char: r (114) to any virtual key
GetVirtualKey: Could not map char: i (105) to any virtual key
GetVirtualKey: Could not map char: l (108) to any virtual key
GetVirtualKey: Could not map char: f (102) to any virtual key
GetVirtualKey: Could not map char: k (107) to any virtual key
GetVirtualKey: Could not map char: p (112) to any virtual key
GetVirtualKey: Could not map char: p (112) to any virtual key
GetVirtualKey: Could not map char: p (112) to any virtual key
GetVirtualKey: Could not map char: c (99) to any virtual key
GetVirtualKey: Could not map char: r (114) to any virtual key
GetVirtualKey: Could not map char: P (80) to any virtual key
GetVirtualKey: Could not map char: n (110) to any virtual key
GetVirtualKey: Could not map char: n (110) to any virtual key
GetVirtualKey: Could not map char: g (103) to any virtual key
GetVirtualKey: Could not map char: f (102) to any virtual key
GetVirtualKey: Could not map char: f (102) to any virtual key
GetVirtualKey: Could not map char: a (97) to any virtual key
GetVirtualKey: Could not map char: a (97) to any virtual key
GetVirtualKey: Could not map char: n (110) to any virtual key
GetVirtualKey: Could not map char: o (111) to any virtual key
GetVirtualKey: Could not map char: s (115) to any virtual key
GetVirtualKey: Could not map char: s (115) to any virtual key
GetVirtualKey: Could not map char: b (98) to any virtual key
GetVirtualKey: Could not map char: b (98) to any virtual key
GetVirtualKey: Could not map char: c (99) to any virtual key
GetVirtualKey: Could not map char: u (117) to any virtual key
Unloading 3 Unused Serialized files (Serialized files now loaded: 0)
Unloading 931 unused Assets / (0.7 MB). Loaded Objects now: 1652.
Memory consumption went from 229.1 MB to 228.4 MB.
Total: 8.611600 ms (FindLiveObjects: 0.300200 ms CreateObjectMapping: 0.045100 ms MarkObjects: 7.553500 ms  DeleteObjects: 0.474600 ms)

Unity is not designed to run with Administrator privileges.

With elevated access, scripts in your project can modify system files, registry settings, or protected areas, even accidentally.
This could make your system unstable or unbootable.

Restart as a standard user for the safest experience.
Microsoft Media Foundation video decoding to texture disabled: graphics device is Null, only Direct3D 11 and Direct3D 12 (only on desktop) are supported for hardware-accelerated video decoding.
[Project] Loading completed in 5.781 seconds
	Project init time: 				5.466 seconds
		Template init time: 		0.000 seconds
		Package Manager init time: 		0.353 seconds
		Asset Database init time: 		0.173 seconds
		Global illumination init time: 	0.003 seconds
		Assemblies load time: 			1.923 seconds
		Unity extensions init time: 	0.006 seconds
		Asset Database refresh time: 	2.721 seconds
	Scene opening time: 			0.180 seconds
##utp:{"type":"ProjectInfo","version":2,"phase":"Immediate","time":1788932063542,"processId":20716,"projectLoad":5.781034999999999,"projectInit":5.4658299,"templateInit":0.0,"packageManagerInit":0.3526971,"assetDatabaseInit":0.1732001,"globalIlluminationInit":0.0032129,"assembliesLoad":1.9226969,"unityExtensionsInit":0.0057938,"assetDatabaseRefresh":2.7213399,"sceneOpening":0.1800306}
##utp:{"type":"EditorInfo","version":2,"phase":"Immediate","time":1788932063542,"processId":20716,"editorVersion":"6000.6.0f1 (f7f8ed4d1e24)","branch":"6000.6/respin/6000.6.0f1-fa21a270ab12","buildType":"Release","platform":"Windows"}
[Licensing::Client] Successfully resolved entitlement details
Running tests for ExecutionSettings with details:
targetPlatform = 
playerHeartbeatTimeout = 600
filters[0] = 
   Filter with settings:
   testMode = PlayMode
   targetPlatform = 
   testNames = null
   groupNames = null
   categoryNames = null
   assemblyNames = null
ignoreTests = {}
featureFlags = null

UnityEngine.Debug:ExtractStackTraceNoAlloc (byte*,int,string)
UnityEngine.StackTraceUtility:ExtractStackTrace ()
UnityEngine.DebugLogHandler:Internal_Log (UnityEngine.LogType,UnityEngine.LogOption,string,UnityEngine.Object)
UnityEngine.DebugLogHandler:LogFormat (UnityEngine.LogType,UnityEngine.Object,string,object[])
UnityEngine.Logger:Log (UnityEngine.LogType,object)
UnityEngine.Debug:Log (object)
UnityEditor.TestTools.TestRunner.CommandLineTest.Executer:InitializeAndExecuteRun (string[]) (at ./Library/PackageCache/com.unity.test-framework@7a3849e09bd0/UnityEditor.TestRunner/CommandLineTest/Executer.cs:53)
UnityEditor.TestTools.TestRunner.CommandLineTest.TestStarter:InitializeAndExecuteRun () (at ./Library/PackageCache/com.unity.test-framework@7a3849e09bd0/UnityEditor.TestRunner/CommandLineTest/TestStarter.cs:64)
UnityEditor.EditorApplication:Internal_CallUpdateFunctions ()

(Filename: ./Library/PackageCache/com.unity.test-framework@7a3849e09bd0/UnityEditor.TestRunner/CommandLineTest/Executer.cs Line: 53)

Opening scene 'Assets/Scenes/Arena.unity'
Unloading 2 Unused Serialized files (Serialized files now loaded: 0)
Loaded scene 'Assets/Scenes/Arena.unity'
	Deserialize:            2.172 ms
	Integration:            7.939 ms
	Integration of assets:  0.002 ms
	Thread Wait Time:       0.031 ms
	Total Operation Time:   10.144 ms
Unloading 1 unused Assets / (2.6 KB). Loaded Objects now: 1681.
Memory consumption went from 228.9 MB to 228.9 MB.
Total: 9.690200 ms (FindLiveObjects: 0.328800 ms CreateObjectMapping: 0.033200 ms MarkObjects: 9.062800 ms  DeleteObjects: 0.023900 ms)

[UnityConnectServicesConfig] config is NOT valid, switching to default
Created GICache directory at C:/Users/Admin/AppData/LocalLow/Unity/Caches/GiCache. Took: 0.019s, timestamps: [5.784 - 5.804]
Unloading 2 Unused Serialized files (Serialized files now loaded: 0)
Unloading 0 unused Assets / (0 B). Loaded Objects now: 1803.
Memory consumption went from 233.1 MB to 233.1 MB.
Total: 7.121000 ms (FindLiveObjects: 0.225000 ms CreateObjectMapping: 0.022800 ms MarkObjects: 6.682800 ms  DeleteObjects: 0.005200 ms)

Importing 'GUID: ef7b72955392f094cbe3cb6bf093bc46 - Path: Assets/InitTestScene36130d4f-90f3-4dc7-a62c-c7d1e2f7aba5.unity' with importer (DefaultImporter)
Imported 'GUID: ef7b72955392f094cbe3cb6bf093bc46' -> (Import Result ID: 'adbe8a515d100736756822999d3c40c9') in 0.005 seconds [static dependencies only]. Details - ImportResultOutputID=cc04635809444991c92df42af0a94667 DependenciesID=083ca45840b23238b7081bac95dba22d StaticDependenciesID=2f7510c2a786ea9049450a77f1bbbd09 
Asset Pipeline Refresh (id=636d0419ee7c78943b7dfcd7c270574e): Total: 0.069 seconds - Initiated by StopAssetImportingV2(NoUpdateAssetOptions)
Reloading assemblies for play mode.
Reloading assemblies after forced synchronous recompile.
Begin MonoManager ReloadAssembly
Worker ready: AssetImportWorkerHW0 0
Native extension for WindowsStandalone target not found
Native extension for WebGL target not found
ScheduleIndexationOnStartup MainProcess:True IndexOnStartup:False
Scripting: successfully reloaded assembly
- Finished resetting the current domain, in  0.995 seconds
Domain Reload Profiling: 1617ms
	BeginReloadAssembly (327ms)
		DisableScriptedObjects (34ms)
		CreateAndSetChildDomain (81ms)
	RebuildCommonClasses (14ms)
	RebuildNativeTypeToScriptingClass (30ms)
	initialDomainReloadingComplete (60ms)
	LoadAllAssembliesAndSetupDomain (188ms)
		LoadAssemblies (163ms)
		TypeCache.Refresh (5ms)
		AnalyzeDomain (4ms)
	FinalizeReload (997ms)
		SetupLoadedEditorAssemblies (0ms)
			LogAssemblyErrors (3ms)
			InitializePlatformSupportModulesInManaged (3ms)
			BeforeProcessingInitializeOnLoad (163ms)
			ProcessInitializeOnLoadAttributes (186ms)
			ProcessInitializeOnLoadMethodAttributes (178ms)
			AfterProcessingInitializeOnLoad (7ms)
		AwakeInstancesAfterBackupRestoration (65ms)
No restricted APIs configured; Validation skipped.
Checking 2 assemblies for restricted APIs found 0 usage(s) in 6 ms

Asset Pipeline Refresh (id=8befdf86c1a4af641afa0cbe297d7439): Total: 1.830 seconds - Initiated by StopAssetImportingV2(ForceSynchronousImport | ForceDomainReload)
	(Values over 0.05ms)
	Summary:
		Imports: total=0 (actual=0, local cache=0, cache server=0)
		Asset DB Process Time: managed=0 ms, native=1069 ms
		Asset DB Callback time: managed=62 ms, native=30 ms
		Scripting: domain reloads=1, domain reload time=662 ms, compile time=4 ms, other=0 ms
		Project Asset Count: scripts=256, non-scripts=171
		Asset File Changes: new=0, changed=0, moved=0, deleted=0
		Scan Filter Count: 0
	InvokePackagesCallback: 1.356ms
	ApplyChangesToAssetFolders: 0.143ms
	Collect global state as custom dependencies: 0.608ms
	ProcessAssetsWithTransientArtifactChanges: 29.398ms
	CategorizeAssets: 5.069ms
	CompileScripts: 4.314ms
	ImportOutOfDateAssets: 998.462ms (997.951ms without children)
		UnloadImportedAssets: 0.177ms
		EnsureUptoDateAssetsAreRegisteredWithGuidPM: 0.099ms
		ImportSchedulerStart: 0.225ms
	PostProcessAllAssets: 92.182ms
		PostProcessCallbackCreateDeferredMaterials 4.912ms
		ShaderAssetModifiedCallback 2.759ms
		AssemblyValidation.PostprocessAllAssets 2.127ms
		RaytracingShaderImportPostprocess 1.190ms
		ComputeShaderImportPostprocess 1.047ms
		SpeedTreeImporter.PostprocessAllAssets 0.891ms
		LocalizationDatabase.AssetDatabasePostprocessCallback 0.533ms
		BlockShaderImporter.PostprocessAllAssets 0.495ms
		MonoPostProcessAllAssets: 61.922ms
			AssetPostprocessor.OnPostprocessAllAssets 10.190ms
			StyleCatalogPostProcessor.OnPostprocessAllAssets 9.543ms
			BuilderAssetPostprocessor.OnPostprocessAllAssets 7.400ms
			WindowAssetPostprocessingWatcher.OnPostprocessAllAssets 7.233ms
			TextAssetPostProcessor.OnPostprocessAllAssets 5.817ms
			AssetChangedListener.OnPostprocessAllAssets 3.443ms
			RetainedModeAssetPostprocessor.OnPostprocessAllAssets 1.979ms
			SpeedTree9Postprocessor.OnPostprocessAllAssets 1.558ms
			ArtifactBrowserPostProcessor.OnPostprocessAllAssets 0.573ms
			TMPro_TexturePostProcessor.OnPostprocessAllAssets 0.368ms
			EditModeScopePostprocessor.OnPostprocessAllAssets 0.358ms
			ReferencedClipsPostProcessor.OnPostprocessAllAssets 0.349ms
			AudioMixerPostprocessor.OnPostprocessAllAssets 0.317ms
			AssetEvents.OnPostprocessAllAssets 0.275ms
			ThemePostprocessor.OnPostprocessAllAssets 0.269ms
			TerrainToolbarOverlayPostProcessor.OnPostprocessAllAssets 0.241ms
			SpeedTreePostProcessor.OnPostprocessAllAssets 0.218ms
			AssetDatabaseCallbacks.OnPostprocessAllAssets 0.211ms
			ConfigAssetsTracker.OnPostprocessAllAssets 0.167ms
			SyncVS.PostprocessSyncProject 0.158ms
			ScenarioDriftAssetsTracker.OnPostprocessAllAssets 0.156ms
			RenderPipelineGlobalSettingsPostprocessor.OnPostprocessAllAssets 0.110ms
			AudioContainerPostProcessor.OnPostprocessAllAssets 0.088ms
	PostAssetChangesProfiler: 0.987ms
	GenerateScriptTypeHashes: 1.773ms
	GenerateScriptTypeSerializationHashes: 3.212ms
	Untracked: 694.133ms

Loaded scene 'Temp/__Backupscenes/0.backup'
	Deserialize:            1.297 ms
	Integration:            37.892 ms
	Integration of assets:  0.002 ms
	Thread Wait Time:       0.017 ms
	Total Operation Time:   39.208 ms
[MODES] ModeService[none].Initialize
[MODES] ModeService[none].LoadModes
[Licensing::Client] Successfully resolved entitlement details
Saving results to: D:\Pet\Resume\companies\Highcore\QA Engineer\ArenaQA\analysis\validation-6000.6.0f1\TestResults\20260909-073409-898\PlayMode.xml
Unloading 0 Unused Serialized files (Serialized files now loaded: 0)
Loaded scene 'Temp/__Backupscenes/0.backup'
	Deserialize:            0.771 ms
	Integration:            8.472 ms
	Integration of assets:  0.003 ms
	Thread Wait Time:       0.016 ms
	Total Operation Time:   9.262 ms
Unloading 761 unused Assets / (242.4 KB). Loaded Objects now: 1810.
Memory consumption went from 247.1 MB to 246.8 MB.
Total: 8.452700 ms (FindLiveObjects: 0.387900 ms CreateObjectMapping: 0.039900 ms MarkObjects: 7.592400 ms  DeleteObjects: 0.227100 ms)

Unloading 0 Unused Serialized files (Serialized files now loaded: 0)
Loaded scene 'Assets/Scenes/Arena.unity'
	Deserialize:            1.356 ms
	Integration:            5.847 ms
	Integration of assets:  0.002 ms
	Thread Wait Time:       0.012 ms
	Total Operation Time:   7.217 ms
Unloading 1 unused Assets / (2.8 KB). Loaded Objects now: 1818.
Memory consumption went from 246.6 MB to 246.6 MB.
Total: 8.371500 ms (FindLiveObjects: 0.296700 ms CreateObjectMapping: 0.025400 ms MarkObjects: 7.811400 ms  DeleteObjects: 0.024500 ms)

Asset Pipeline Refresh (id=ab1d3f9a8d642444d926da0c4f9b367b): Total: 0.012 seconds - Initiated by StopAssetImportingV2(NoUpdateAssetOptions)
DisplayProgressbar: Undo
Test run completed. Exiting with code 2 (Failed). One or more tests failed.
UnityEngine.Debug:ExtractStackTraceNoAlloc (byte*,int,string)
UnityEngine.StackTraceUtility:ExtractStackTrace ()
UnityEngine.DebugLogHandler:Internal_Log (UnityEngine.LogType,UnityEngine.LogOption,string,UnityEngine.Object)
UnityEngine.DebugLogHandler:LogFormat (UnityEngine.LogType,UnityEngine.Object,string,object[])
UnityEngine.Logger:Log (UnityEngine.LogType,object)
UnityEngine.Debug:Log (object)
UnityEditor.TestTools.TestRunner.CommandLineTest.Executer:ExitApplication (UnityEditor.TestTools.TestRunner.CommandLineTest.Executer/ReturnCodes,string) (at ./Library/PackageCache/com.unity.test-framework@7a3849e09bd0/UnityEditor.TestRunner/CommandLineTest/Executer.cs:81)
UnityEditor.TestTools.TestRunner.CommandLineTest.Executer:ExitIfRunIsCompleted () (at ./Library/PackageCache/com.unity.test-framework@7a3849e09bd0/UnityEditor.TestRunner/CommandLineTest/Executer.cs:74)
UnityEditor.EditorApplication:Internal_CallUpdateFunctions ()

(Filename: ./Library/PackageCache/com.unity.test-framework@7a3849e09bd0/UnityEditor.TestRunner/CommandLineTest/Executer.cs Line: 81)

MonoPathRemapper: Attempts to remap: 3237; Successful remaps: 72
Serialized file version minimum: 23, current 23
Importing 'GUID: 00000000000000004000000000000000 - Path: ProjectSettings/ProjectSettings.asset' with importer (LibraryAssetImporter)
Imported 'GUID: 00000000000000004000000000000000' -> (Import Result ID: '562da3e999bbbba3bfcc50aaf5254b54') in 0.005 seconds [static dependencies only]. Details - ImportResultOutputID=054c890a8f4b6dddbea933bc5e4b7df4 DependenciesID=5186c51599806ee717ae47bc5b40bf93 StaticDependenciesID=0caf85ec4761d29acc6e97b9683e7692 
Asset Pipeline Refresh (id=856223b736cc311429b543a6c595232b): Total: 0.013 seconds - Initiated by StopAssetImportingV2(NoUpdateAssetOptions)
[Physics::Module] Cleanup current backend.
[Physics::Module] Id: 0xf2b8ea05
Input System module state changed to: ShutdownInProgress.
Input Polling Thread exited.
Input System module state changed to: Shutdown.
[Licensing::IpcConnector] LicenseClient-Admin-notifications channel disconnected successfully.
[Licensing::IpcConnector] LicenseClient-Admin channel disconnected successfully.
Lingering sessions upon destruction of worker manager
Unity Data Store service was successfully shut down
UDS shutting down local client system
AcceleratorClientConnectionCallback - disconnected - :0
Cleanup mono
CodeReloadManager destroyed
Checking for leaked weakptr:
  Found no leaked weakptrs.
[Package Manager] Server process was shutdown
##utp:{"type":"MemoryLeaks","version":2,"phase":"Immediate","time":1788932069473,"processId":20716,"allocatedMemory":11230434,"memoryLabels":[{"Default":167127},{"Permanent":15516},{"NewDelete":69079},{"Thread":4197944},{"Manager":35461},{"VertexData":8},{"Geometry":816},{"Texture":24},{"Shader":839889},{"Material":24},{"GfxDevice":55968},{"Animation":952},{"Audio":320},{"FreeType":8},{"FontEngine":736},{"Physics":1970},{"Physics2D":16},{"Serialization":17344},{"Input":42840},{"JobScheduler":256},{"TextLib":280},{"Mono":48},{"ScriptingNativeRuntime":1243480},{"BaseObject":49168},{"Resource":1208},{"Renderer":2376},{"Transform":4685},{"File":7385},{"WebCam":616},{"Culling":32},{"Terrain":11442},{"Wind":24},{"STL":40},{"String":452954},{"StaticString":3808},{"Utility":2675350},{"Curl":2478},{"PoolAlloc":2168},{"AI":80},{"TypeTree":17165},{"ScriptManager":18960},{"CodeReload":448},{"RuntimeInitializeOnLoadManager":64},{"Sprites":102},{"SpriteAtlas":120},{"GI":7816},{"Director":8296},{"CloudService":432},{"WebRequest":552},{"VR":49650},{"SceneManager":608},{"Video":64},{"LazyScriptCache":32},{"Camera":729},{"Secure":2377},{"SerializationCache":9256},{"APIUpdating":10320},{"Subsystems":336},{"VirtualTexturing":57888},{"StaticSafetyDebugInfo":278528},{"Analytics":464},{"Hierarchy":1188},{"UIElements":40},{"CoreStats":14456},{"Identifiers":7152},{"Gui":128},{"EditorUtility":115360},{"VersionControl":8},{"Undo":931},{"AssetDatabase":653799},{"AssetImporter":40},{"EditorGi":328},{"UnityConnect":40465},{"Upm":1912},{"UpmDiagnostics":8},{"AssetCompliance":96},{"DrivenProperties":72},{"LocalIPC":260},{"ProfilerEditor":9746},{"CoreBusinessMetrics":3226},{"Windowing":456},{"Licensing":12572},{"AssetReference":32},{"IPCStream":32}]}
